127.0.0.1 - - [28/Dec/2021:13:06:38 +0900] "GET / HTTP/1.1" 404 807
0:0:0:0:0:0:0:1 - - [28/Dec/2021:13:06:43 +0900] "GET /DONE/member/list HTTP/1.1" 200 910
0:0:0:0:0:0:0:1 - - [28/Dec/2021:13:06:43 +0900] "GET /favicon.ico HTTP/1.1" 404 818
0:0:0:0:0:0:0:1 - - [28/Dec/2021:13:06:47 +0900] "GET /DONE/member/update?no=1 HTTP/1.1" 200 477
0:0:0:0:0:0:0:1 - - [28/Dec/2021:13:06:48 +0900] "GET /DONE/member/delete?no=1 HTTP/1.1" 302 -
0:0:0:0:0:0:0:1 - - [28/Dec/2021:13:06:48 +0900] "GET /DONE/member/list HTTP/1.1" 500 2317
0:0:0:0:0:0:0:1 - - [28/Dec/2021:13:06:58 +0900] "GET /DONE/member/list HTTP/1.1" 500 2317
127.0.0.1 - - [28/Dec/2021:13:07:31 +0900] "GET / HTTP/1.1" 404 807
0:0:0:0:0:0:0:1 - - [28/Dec/2021:13:07:33 +0900] "GET /DONE/member/list HTTP/1.1" 500 2317
0:0:0:0:0:0:0:1 - - [28/Dec/2021:13:10:36 +0900] "GET /DONE/member/list HTTP/1.1" 500 2317
0:0:0:0:0:0:0:1 - - [28/Dec/2021:13:10:37 +0900] "GET /DONE/member/list HTTP/1.1" 500 2317
0:0:0:0:0:0:0:1 - - [28/Dec/2021:13:10:37 +0900] "GET /DONE/member/list HTTP/1.1" 500 2317
0:0:0:0:0:0:0:1 - - [28/Dec/2021:13:10:38 +0900] "GET /DONE/member/list HTTP/1.1" 500 2317
0:0:0:0:0:0:0:1 - - [28/Dec/2021:13:10:38 +0900] "GET /DONE/member/list HTTP/1.1" 500 2317
0:0:0:0:0:0:0:1 - - [28/Dec/2021:13:10:38 +0900] "GET /DONE/member/list HTTP/1.1" 500 2317
127.0.0.1 - - [28/Dec/2021:13:12:03 +0900] "GET / HTTP/1.1" 404 807
0:0:0:0:0:0:0:1 - - [28/Dec/2021:13:12:06 +0900] "GET /DONE/member/list HTTP/1.1" 500 2273
127.0.0.1 - - [28/Dec/2021:13:12:51 +0900] "GET / HTTP/1.1" 404 807
0:0:0:0:0:0:0:1 - - [28/Dec/2021:13:12:54 +0900] "GET /DONE/member/list HTTP/1.1" 500 2273
127.0.0.1 - - [28/Dec/2021:13:16:42 +0900] "GET / HTTP/1.1" 404 807
0:0:0:0:0:0:0:1 - - [28/Dec/2021:13:16:45 +0900] "GET /DONE/member/list HTTP/1.1" 500 2273
127.0.0.1 - - [28/Dec/2021:13:17:26 +0900] "GET / HTTP/1.1" 404 807
0:0:0:0:0:0:0:1 - - [28/Dec/2021:13:17:37 +0900] "GET /DONE/member/list HTTP/1.1" 500 2273
0:0:0:0:0:0:0:1 - - [28/Dec/2021:13:18:51 +0900] "GET /DONE/member/list HTTP/1.1" 500 2273
127.0.0.1 - - [28/Dec/2021:13:19:13 +0900] "GET / HTTP/1.1" 404 807
0:0:0:0:0:0:0:1 - - [28/Dec/2021:13:19:15 +0900] "GET /DONE/member/list HTTP/1.1" 500 2273
127.0.0.1 - - [28/Dec/2021:13:25:50 +0900] "GET / HTTP/1.1" 404 807
0:0:0:0:0:0:0:1 - - [28/Dec/2021:13:25:53 +0900] "GET /DONE/member/list HTTP/1.1" 404 831
127.0.0.1 - - [28/Dec/2021:13:26:32 +0900] "GET / HTTP/1.1" 404 807
0:0:0:0:0:0:0:1 - - [28/Dec/2021:13:26:33 +0900] "GET /DONE/member/list HTTP/1.1" 404 831
0:0:0:0:0:0:0:1 - - [28/Dec/2021:13:26:37 +0900] "GET /DONE/member/list HTTP/1.1" 404 831
0:0:0:0:0:0:0:1 - - [28/Dec/2021:13:26:39 +0900] "GET /DONE/member/list HTTP/1.1" 404 831
127.0.0.1 - - [28/Dec/2021:13:27:13 +0900] "GET / HTTP/1.1" 404 807
0:0:0:0:0:0:0:1 - - [28/Dec/2021:13:27:18 +0900] "GET /DONE/member/list HTTP/1.1" 404 831
127.0.0.1 - - [28/Dec/2021:13:28:21 +0900] "GET / HTTP/1.1" 404 807
0:0:0:0:0:0:0:1 - - [28/Dec/2021:13:28:23 +0900] "GET /DONE/member/list HTTP/1.1" 404 831
0:0:0:0:0:0:0:1 - - [28/Dec/2021:13:28:25 +0900] "GET /DONE/member/list HTTP/1.1" 404 831
0:0:0:0:0:0:0:1 - - [28/Dec/2021:13:28:28 +0900] "GET /DONE/member HTTP/1.1" 404 822
0:0:0:0:0:0:0:1 - - [28/Dec/2021:13:28:32 +0900] "GET /DONE/member.add HTTP/1.1" 404 826
0:0:0:0:0:0:0:1 - - [28/Dec/2021:13:28:35 +0900] "GET /DONE/member/add HTTP/1.1" 404 830
127.0.0.1 - - [28/Dec/2021:13:30:09 +0900] "GET / HTTP/1.1" 404 807
0:0:0:0:0:0:0:1 - - [28/Dec/2021:13:30:09 +0900] "GET /DONE/member/add HTTP/1.1" 200 365
0:0:0:0:0:0:0:1 - - [28/Dec/2021:13:30:14 +0900] "GET /DONE/member/list HTTP/1.1" 500 2273
127.0.0.1 - - [28/Dec/2021:13:31:03 +0900] "GET / HTTP/1.1" 404 807
0:0:0:0:0:0:0:1 - - [28/Dec/2021:13:31:04 +0900] "GET /DONE/member/list HTTP/1.1" 500 2273
127.0.0.1 - - [28/Dec/2021:13:34:58 +0900] "GET / HTTP/1.1" 404 807
0:0:0:0:0:0:0:1 - - [28/Dec/2021:13:35:00 +0900] "GET /DONE/member/list HTTP/1.1" 500 2273
127.0.0.1 - - [28/Dec/2021:13:40:38 +0900] "GET / HTTP/1.1" 404 807
0:0:0:0:0:0:0:1 - - [28/Dec/2021:13:40:41 +0900] "GET /DONE/member/list HTTP/1.1" 500 2273
0:0:0:0:0:0:0:1 - - [28/Dec/2021:13:40:44 +0900] "GET /DONE/member/add HTTP/1.1" 200 365
0:0:0:0:0:0:0:1 - - [28/Dec/2021:13:40:59 +0900] "GET /DONE/member/update?no=1 HTTP/1.1" 500 177
0:0:0:0:0:0:0:1 - - [28/Dec/2021:13:41:13 +0900] "GET /DONE/member/update?no=2 HTTP/1.1" 200 464
127.0.0.1 - - [28/Dec/2021:13:42:08 +0900] "GET / HTTP/1.1" 404 807
0:0:0:0:0:0:0:1 - - [28/Dec/2021:13:42:11 +0900] "GET /DONE/member/list HTTP/1.1" 500 2318
127.0.0.1 - - [28/Dec/2021:13:42:57 +0900] "GET / HTTP/1.1" 404 807
0:0:0:0:0:0:0:1 - - [28/Dec/2021:13:42:59 +0900] "GET /DONE/member/list HTTP/1.1" 500 2273
127.0.0.1 - - [28/Dec/2021:13:43:28 +0900] "GET / HTTP/1.1" 404 807
0:0:0:0:0:0:0:1 - - [28/Dec/2021:13:43:31 +0900] "GET /DONE/member/list HTTP/1.1" 200 925
127.0.0.1 - - [28/Dec/2021:13:43:47 +0900] "GET / HTTP/1.1" 404 807
0:0:0:0:0:0:0:1 - - [28/Dec/2021:13:43:50 +0900] "GET /DONE/member/list HTTP/1.1" 200 929
0:0:0:0:0:0:0:1 - - [28/Dec/2021:13:45:33 +0900] "GET /DONE/member/delete?no=14 HTTP/1.1" 302 -
0:0:0:0:0:0:0:1 - - [28/Dec/2021:13:45:33 +0900] "GET /DONE/member/list HTTP/1.1" 200 807
0:0:0:0:0:0:0:1 - - [28/Dec/2021:13:45:35 +0900] "GET /DONE/member/delete?no=8 HTTP/1.1" 302 -
0:0:0:0:0:0:0:1 - - [28/Dec/2021:13:45:35 +0900] "GET /DONE/member/list HTTP/1.1" 200 686
0:0:0:0:0:0:0:1 - - [28/Dec/2021:13:45:36 +0900] "GET /DONE/member/add HTTP/1.1" 200 365
0:0:0:0:0:0:0:1 - - [28/Dec/2021:13:45:40 +0900] "POST /DONE/member/add HTTP/1.1" 302 -
0:0:0:0:0:0:0:1 - - [28/Dec/2021:13:45:40 +0900] "GET /DONE/member/list HTTP/1.1" 200 790
127.0.0.1 - - [28/Dec/2021:14:02:36 +0900] "GET / HTTP/1.1" 404 807
0:0:0:0:0:0:0:1 - - [28/Dec/2021:14:02:38 +0900] "GET /DONE/member/list HTTP/1.1" 200 790
127.0.0.1 - - [28/Dec/2021:14:07:16 +0900] "GET / HTTP/1.1" 404 807
0:0:0:0:0:0:0:1 - - [28/Dec/2021:14:07:19 +0900] "GET /DONE/member/list HTTP/1.1" 200 1030
127.0.0.1 - - [28/Dec/2021:14:08:03 +0900] "GET / HTTP/1.1" 404 807
0:0:0:0:0:0:0:1 - - [28/Dec/2021:14:08:04 +0900] "GET /DONE/member/list HTTP/1.1" 200 1030
127.0.0.1 - - [28/Dec/2021:14:19:09 +0900] "GET / HTTP/1.1" 404 807
0:0:0:0:0:0:0:1 - - [28/Dec/2021:14:19:14 +0900] "GET /DONE/member/list HTTP/1.1" 200 1030
127.0.0.1 - - [28/Dec/2021:14:41:44 +0900] "GET / HTTP/1.1" 404 807
0:0:0:0:0:0:0:1 - - [28/Dec/2021:14:41:47 +0900] "GET /DONE/member/list HTTP/1.1" 200 1030
0:0:0:0:0:0:0:1 - - [28/Dec/2021:14:41:58 +0900] "GET /DONE/member/quth/login HTTP/1.1" 404 841
127.0.0.1 - - [28/Dec/2021:14:42:28 +0900] "GET / HTTP/1.1" 404 807
0:0:0:0:0:0:0:1 - - [28/Dec/2021:14:42:30 +0900] "GET /DONE/member/auth/login HTTP/1.1" 404 834
0:0:0:0:0:0:0:1 - - [28/Dec/2021:14:42:36 +0900] "GET /DONE/member/auth/login HTTP/1.1" 404 834
0:0:0:0:0:0:0:1 - - [28/Dec/2021:14:42:44 +0900] "GET /DONE/member/login HTTP/1.1" 404 832
0:0:0:0:0:0:0:1 - - [28/Dec/2021:14:42:52 +0900] "GET /DONE/member/auth/login HTTP/1.1" 404 834
127.0.0.1 - - [28/Dec/2021:14:43:06 +0900] "GET / HTTP/1.1" 404 807
0:0:0:0:0:0:0:1 - - [28/Dec/2021:14:43:11 +0900] "GET /DONE/member/login HTTP/1.1" 404 825
0:0:0:0:0:0:0:1 - - [28/Dec/2021:14:43:15 +0900] "GET /DONE/member/login HTTP/1.1" 404 825
127.0.0.1 - - [28/Dec/2021:14:43:51 +0900] "GET / HTTP/1.1" 404 807
0:0:0:0:0:0:0:1 - - [28/Dec/2021:14:43:52 +0900] "GET /DONE/member/login HTTP/1.1" 404 825
127.0.0.1 - - [28/Dec/2021:14:44:51 +0900] "GET / HTTP/1.1" 404 807
0:0:0:0:0:0:0:1 - - [28/Dec/2021:14:44:53 +0900] "GET /DONE/member/login HTTP/1.1" 404 825
0:0:0:0:0:0:0:1 - - [28/Dec/2021:14:44:54 +0900] "GET /DONE/member/login HTTP/1.1" 404 825
0:0:0:0:0:0:0:1 - - [28/Dec/2021:14:44:54 +0900] "GET /DONE/member/login HTTP/1.1" 404 825
127.0.0.1 - - [28/Dec/2021:14:45:46 +0900] "GET / HTTP/1.1" 404 807
0:0:0:0:0:0:0:1 - - [28/Dec/2021:14:45:52 +0900] "GET /DONE/auth/login HTTP/1.1" 404 823
0:0:0:0:0:0:0:1 - - [28/Dec/2021:14:46:00 +0900] "GET /DONE/login HTTP/1.1" 404 821
127.0.0.1 - - [28/Dec/2021:14:46:38 +0900] "GET / HTTP/1.1" 404 807
0:0:0:0:0:0:0:1 - - [28/Dec/2021:14:46:43 +0900] "GET /DONE/login HTTP/1.1" 404 821
0:0:0:0:0:0:0:1 - - [28/Dec/2021:14:46:53 +0900] "GET /DONE/auth/login HTTP/1.1" 200 320
0:0:0:0:0:0:0:1 - - [28/Dec/2021:14:47:05 +0900] "POST /DONE/auth/login HTTP/1.1" 404 823
127.0.0.1 - - [28/Dec/2021:14:47:28 +0900] "GET / HTTP/1.1" 404 807
0:0:0:0:0:0:0:1 - - [28/Dec/2021:14:47:37 +0900] "POST /DONE/auth/login HTTP/1.1" 200 276
0:0:0:0:0:0:0:1 - - [28/Dec/2021:14:47:38 +0900] "GET /DONE/auth/login HTTP/1.1" 200 320
0:0:0:0:0:0:0:1 - - [28/Dec/2021:14:47:57 +0900] "POST /DONE/auth/login HTTP/1.1" 200 276
0:0:0:0:0:0:0:1 - - [28/Dec/2021:14:47:58 +0900] "GET /DONE/auth/login HTTP/1.1" 200 320
0:0:0:0:0:0:0:1 - - [28/Dec/2021:14:51:55 +0900] "POST /DONE/auth/login HTTP/1.1" 200 276
0:0:0:0:0:0:0:1 - - [28/Dec/2021:14:51:56 +0900] "GET /DONE/auth/login HTTP/1.1" 200 320
0:0:0:0:0:0:0:1 - - [28/Dec/2021:14:54:42 +0900] "POST /DONE/auth/login HTTP/1.1" 200 276
0:0:0:0:0:0:0:1 - - [28/Dec/2021:14:54:44 +0900] "GET /DONE/auth/login HTTP/1.1" 200 320
0:0:0:0:0:0:0:1 - - [28/Dec/2021:14:54:48 +0900] "POST /DONE/auth/login HTTP/1.1" 200 276
0:0:0:0:0:0:0:1 - - [28/Dec/2021:14:54:49 +0900] "GET /DONE/auth/login HTTP/1.1" 200 320
0:0:0:0:0:0:0:1 - - [28/Dec/2021:14:54:54 +0900] "POST /DONE/auth/login HTTP/1.1" 200 276
0:0:0:0:0:0:0:1 - - [28/Dec/2021:14:54:55 +0900] "GET /DONE/auth/login HTTP/1.1" 200 320
127.0.0.1 - - [28/Dec/2021:14:55:46 +0900] "GET / HTTP/1.1" 404 807
0:0:0:0:0:0:0:1 - - [28/Dec/2021:14:55:54 +0900] "POST /DONE/auth/login HTTP/1.1" 200 276
0:0:0:0:0:0:0:1 - - [28/Dec/2021:14:55:55 +0900] "GET /DONE/auth/login HTTP/1.1" 200 320
0:0:0:0:0:0:0:1 - - [28/Dec/2021:14:56:02 +0900] "POST /DONE/auth/login HTTP/1.1" 302 -
0:0:0:0:0:0:0:1 - - [28/Dec/2021:14:56:02 +0900] "GET /DONE/member/list HTTP/1.1" 200 1155
127.0.0.1 - - [28/Dec/2021:15:19:57 +0900] "GET / HTTP/1.1" 404 807
0:0:0:0:0:0:0:1 - - [28/Dec/2021:15:20:00 +0900] "GET /DONE/member/list HTTP/1.1" 200 1155
0:0:0:0:0:0:0:1 - - [28/Dec/2021:15:20:05 +0900] "GET /DONE/auth/login HTTP/1.1" 200 320
0:0:0:0:0:0:0:1 - - [28/Dec/2021:15:20:11 +0900] "POST /DONE/auth/login HTTP/1.1" 302 -
0:0:0:0:0:0:0:1 - - [28/Dec/2021:15:20:11 +0900] "GET /DONE/member/list HTTP/1.1" 200 1155
127.0.0.1 - - [28/Dec/2021:15:21:18 +0900] "GET / HTTP/1.1" 404 807
0:0:0:0:0:0:0:1 - - [28/Dec/2021:15:21:18 +0900] "GET /DONE/auth/login HTTP/1.1" 200 320
0:0:0:0:0:0:0:1 - - [28/Dec/2021:15:21:20 +0900] "POST /DONE/auth/login HTTP/1.1" 302 -
0:0:0:0:0:0:0:1 - - [28/Dec/2021:15:21:21 +0900] "GET /DONE/member/list HTTP/1.1" 200 1288
127.0.0.1 - - [28/Dec/2021:15:21:40 +0900] "GET / HTTP/1.1" 404 807
0:0:0:0:0:0:0:1 - - [28/Dec/2021:15:21:41 +0900] "GET /DONE/member/list HTTP/1.1" 200 351
0:0:0:0:0:0:0:1 - - [28/Dec/2021:15:21:44 +0900] "GET /DONE/auth/login HTTP/1.1" 200 320
0:0:0:0:0:0:0:1 - - [28/Dec/2021:15:21:48 +0900] "POST /DONE/auth/login HTTP/1.1" 302 -
0:0:0:0:0:0:0:1 - - [28/Dec/2021:15:21:48 +0900] "GET /DONE/member/list HTTP/1.1" 200 1288
127.0.0.1 - - [28/Dec/2021:15:41:07 +0900] "GET / HTTP/1.1" 404 807
0:0:0:0:0:0:0:1 - - [28/Dec/2021:15:41:08 +0900] "GET /DONE/member/list HTTP/1.1" 200 351
0:0:0:0:0:0:0:1 - - [28/Dec/2021:15:41:12 +0900] "GET /DONE/member/list HTTP/1.1" 200 351
0:0:0:0:0:0:0:1 - - [28/Dec/2021:15:41:19 +0900] "GET /DONE/member/quth/login HTTP/1.1" 404 841
0:0:0:0:0:0:0:1 - - [28/Dec/2021:15:41:23 +0900] "GET /DONE/member/auth/login HTTP/1.1" 404 841
127.0.0.1 - - [28/Dec/2021:15:41:52 +0900] "GET / HTTP/1.1" 404 807
0:0:0:0:0:0:0:1 - - [28/Dec/2021:15:41:56 +0900] "GET /DONE/member/auth/login HTTP/1.1" 404 841
0:0:0:0:0:0:0:1 - - [28/Dec/2021:15:42:03 +0900] "GET /DONE/auth/login HTTP/1.1" 200 320
0:0:0:0:0:0:0:1 - - [28/Dec/2021:15:42:08 +0900] "POST /DONE/auth/login HTTP/1.1" 302 -
0:0:0:0:0:0:0:1 - - [28/Dec/2021:15:42:08 +0900] "GET /DONE/member/list HTTP/1.1" 200 1288
0:0:0:0:0:0:0:1 - - [28/Dec/2021:15:42:13 +0900] "GET /DONE/auth/logout HTTP/1.1" 404 831
0:0:0:0:0:0:0:1 - - [28/Dec/2021:15:45:35 +0900] "GET /DONE/member/list HTTP/1.1" 200 351
0:0:0:0:0:0:0:1 - - [28/Dec/2021:15:47:57 +0900] "GET /DONE/auth/login HTTP/1.1" 200 320
0:0:0:0:0:0:0:1 - - [28/Dec/2021:15:48:02 +0900] "POST /DONE/auth/login HTTP/1.1" 302 -
0:0:0:0:0:0:0:1 - - [28/Dec/2021:15:48:03 +0900] "GET /DONE/member/list HTTP/1.1" 200 1292
127.0.0.1 - - [28/Dec/2021:15:49:45 +0900] "GET / HTTP/1.1" 404 807
0:0:0:0:0:0:0:1 - - [28/Dec/2021:15:49:47 +0900] "GET /DONE/member/list HTTP/1.1" 200 351
0:0:0:0:0:0:0:1 - - [28/Dec/2021:15:49:52 +0900] "GET /DONE/auth/login HTTP/1.1" 200 320
0:0:0:0:0:0:0:1 - - [28/Dec/2021:15:49:57 +0900] "POST /DONE/auth/login HTTP/1.1" 302 -
0:0:0:0:0:0:0:1 - - [28/Dec/2021:15:49:57 +0900] "GET /DONE/member/list HTTP/1.1" 200 351
0:0:0:0:0:0:0:1 - - [28/Dec/2021:15:50:02 +0900] "GET /DONE/auth/login HTTP/1.1" 200 320
0:0:0:0:0:0:0:1 - - [28/Dec/2021:15:50:07 +0900] "POST /DONE/auth/login HTTP/1.1" 302 -
0:0:0:0:0:0:0:1 - - [28/Dec/2021:15:50:07 +0900] "GET /DONE/member/list HTTP/1.1" 200 351
0:0:0:0:0:0:0:1 - - [28/Dec/2021:15:50:09 +0900] "GET /DONE/auth/login HTTP/1.1" 200 320
0:0:0:0:0:0:0:1 - - [28/Dec/2021:15:50:18 +0900] "POST /DONE/auth/login HTTP/1.1" 302 -
0:0:0:0:0:0:0:1 - - [28/Dec/2021:15:50:18 +0900] "GET /DONE/member/list HTTP/1.1" 200 351
0:0:0:0:0:0:0:1 - - [28/Dec/2021:15:50:22 +0900] "GET /DONE/auth/login HTTP/1.1" 200 320
0:0:0:0:0:0:0:1 - - [28/Dec/2021:15:50:35 +0900] "POST /DONE/auth/login HTTP/1.1" 200 276
0:0:0:0:0:0:0:1 - - [28/Dec/2021:15:50:36 +0900] "GET /DONE/auth/login HTTP/1.1" 200 320
127.0.0.1 - - [28/Dec/2021:15:50:45 +0900] "GET / HTTP/1.1" 404 807
0:0:0:0:0:0:0:1 - - [28/Dec/2021:15:50:48 +0900] "GET /DONE/auth/login HTTP/1.1" 200 320
0:0:0:0:0:0:0:1 - - [28/Dec/2021:15:50:51 +0900] "POST /DONE/auth/login HTTP/1.1" 302 -
0:0:0:0:0:0:0:1 - - [28/Dec/2021:15:50:51 +0900] "GET /DONE/member/list HTTP/1.1" 200 351
127.0.0.1 - - [28/Dec/2021:15:51:18 +0900] "GET / HTTP/1.1" 404 807
0:0:0:0:0:0:0:1 - - [28/Dec/2021:15:51:18 +0900] "GET /DONE/auth/login HTTP/1.1" 200 320
0:0:0:0:0:0:0:1 - - [28/Dec/2021:15:51:20 +0900] "POST /DONE/auth/login HTTP/1.1" 302 -
0:0:0:0:0:0:0:1 - - [28/Dec/2021:15:51:20 +0900] "GET /DONE/member/list HTTP/1.1" 200 1290
127.0.0.1 - - [28/Dec/2021:15:58:00 +0900] "GET / HTTP/1.1" 404 807
0:0:0:0:0:0:0:1 - - [28/Dec/2021:15:58:02 +0900] "GET /DONE/member/list HTTP/1.1" 200 1168
0:0:0:0:0:0:0:1 - - [28/Dec/2021:15:58:06 +0900] "GET /DONE/member/add HTTP/1.1" 200 365
127.0.0.1 - - [28/Dec/2021:16:00:53 +0900] "GET / HTTP/1.1" 404 807
0:0:0:0:0:0:0:1 - - [28/Dec/2021:16:00:58 +0900] "GET /DONE/member/list HTTP/1.1" 200 1168
0:0:0:0:0:0:0:1 - - [28/Dec/2021:16:01:00 +0900] "GET /DONE/member/add HTTP/1.1" 200 429
0:0:0:0:0:0:0:1 - - [28/Dec/2021:16:01:20 +0900] "POST /DONE/member/add HTTP/1.1" 302 -
0:0:0:0:0:0:0:1 - - [28/Dec/2021:16:01:20 +0900] "GET /DONE/member/list HTTP/1.1" 200 1294
127.0.0.1 - - [28/Dec/2021:16:02:56 +0900] "GET / HTTP/1.1" 404 807
0:0:0:0:0:0:0:1 - - [28/Dec/2021:16:03:00 +0900] "GET /DONE/member/list HTTP/1.1" 200 1294
0:0:0:0:0:0:0:1 - - [28/Dec/2021:16:03:02 +0900] "GET /DONE/member/delete?no=16 HTTP/1.1" 302 -
0:0:0:0:0:0:0:1 - - [28/Dec/2021:16:03:02 +0900] "GET /DONE/member/list HTTP/1.1" 200 351
0:0:0:0:0:0:0:1 - - [28/Dec/2021:16:03:07 +0900] "GET /DONE/member/add HTTP/1.1" 200 429
0:0:0:0:0:0:0:1 - - [28/Dec/2021:16:03:10 +0900] "GET /DONE/member/list HTTP/1.1" 200 351
127.0.0.1 - - [28/Dec/2021:16:03:18 +0900] "GET / HTTP/1.1" 404 807
0:0:0:0:0:0:0:1 - - [28/Dec/2021:16:03:22 +0900] "GET /DONE/member/list HTTP/1.1" 200 1190
0:0:0:0:0:0:0:1 - - [28/Dec/2021:16:03:26 +0900] "GET /DONE/member/delete?no=5 HTTP/1.1" 302 -
0:0:0:0:0:0:0:1 - - [28/Dec/2021:16:03:26 +0900] "GET /DONE/member/list HTTP/1.1" 200 351
0:0:0:0:0:0:0:1 - - [28/Dec/2021:16:04:04 +0900] "GET /DONE/member/list HTTP/1.1" 200 1078
0:0:0:0:0:0:0:1 - - [28/Dec/2021:16:04:05 +0900] "GET /DONE/member/list HTTP/1.1" 200 1078
0:0:0:0:0:0:0:1 - - [28/Dec/2021:16:04:08 +0900] "GET /DONE/member/delete?no=17 HTTP/1.1" 302 -
0:0:0:0:0:0:0:1 - - [28/Dec/2021:16:04:08 +0900] "GET /DONE/member/list HTTP/1.1" 200 351
127.0.0.1 - - [28/Dec/2021:16:04:32 +0900] "GET / HTTP/1.1" 404 807
0:0:0:0:0:0:0:1 - - [28/Dec/2021:16:04:33 +0900] "GET /DONE/member/list HTTP/1.1" 200 953
0:0:0:0:0:0:0:1 - - [28/Dec/2021:16:04:35 +0900] "GET /DONE/member/delete?no=18 HTTP/1.1" 302 -
0:0:0:0:0:0:0:1 - - [28/Dec/2021:16:04:35 +0900] "GET /DONE/member/list HTTP/1.1" 200 351
127.0.0.1 - - [28/Dec/2021:16:05:28 +0900] "GET / HTTP/1.1" 404 807
0:0:0:0:0:0:0:1 - - [28/Dec/2021:16:05:30 +0900] "GET /DONE/member/list HTTP/1.1" 200 827
0:0:0:0:0:0:0:1 - - [28/Dec/2021:16:05:32 +0900] "GET /DONE/member/add HTTP/1.1" 200 429
0:0:0:0:0:0:0:1 - - [28/Dec/2021:16:05:48 +0900] "POST /DONE/member/add HTTP/1.1" 302 -
0:0:0:0:0:0:0:1 - - [28/Dec/2021:16:05:48 +0900] "GET /DONE/member/list HTTP/1.1" 200 948
0:0:0:0:0:0:0:1 - - [28/Dec/2021:16:05:52 +0900] "GET /DONE/member/delete?no=19 HTTP/1.1" 302 -
0:0:0:0:0:0:0:1 - - [28/Dec/2021:16:05:52 +0900] "GET /DONE/member/member/memberList.jsp HTTP/1.1" 404 828
127.0.0.1 - - [28/Dec/2021:16:06:07 +0900] "GET / HTTP/1.1" 404 807
0:0:0:0:0:0:0:1 - - [28/Dec/2021:16:06:13 +0900] "GET /DONE/member/%E3%85%A3%E3%85%91%E3%84%B4%E3%85%85 HTTP/1.1" 404 863
0:0:0:0:0:0:0:1 - - [28/Dec/2021:16:06:17 +0900] "GET /DONE/member/list HTTP/1.1" 200 827
0:0:0:0:0:0:0:1 - - [28/Dec/2021:16:06:19 +0900] "GET /DONE/member/delete?no=4 HTTP/1.1" 302 -
0:0:0:0:0:0:0:1 - - [28/Dec/2021:16:06:19 +0900] "GET /memberList.jsp HTTP/1.1" 404 806
127.0.0.1 - - [28/Dec/2021:16:06:30 +0900] "GET / HTTP/1.1" 404 807
0:0:0:0:0:0:0:1 - - [28/Dec/2021:16:06:38 +0900] "GET /DONE/member/list HTTP/1.1" 200 715
0:0:0:0:0:0:0:1 - - [28/Dec/2021:16:06:40 +0900] "GET /DONE/member/delete?no=3 HTTP/1.1" 302 -
0:0:0:0:0:0:0:1 - - [28/Dec/2021:16:06:40 +0900] "GET /DONE/member/memberList.jsp HTTP/1.1" 404 817
127.0.0.1 - - [28/Dec/2021:16:06:57 +0900] "GET / HTTP/1.1" 404 807
0:0:0:0:0:0:0:1 - - [28/Dec/2021:16:07:01 +0900] "GET /DONE/member/add HTTP/1.1" 200 429
0:0:0:0:0:0:0:1 - - [28/Dec/2021:16:07:05 +0900] "POST /DONE/member/add HTTP/1.1" 302 -
0:0:0:0:0:0:0:1 - - [28/Dec/2021:16:07:05 +0900] "GET /DONE/member/list HTTP/1.1" 200 700
0:0:0:0:0:0:0:1 - - [28/Dec/2021:16:07:07 +0900] "GET /DONE/member/add HTTP/1.1" 200 429
0:0:0:0:0:0:0:1 - - [28/Dec/2021:16:07:10 +0900] "POST /DONE/member/add HTTP/1.1" 302 -
0:0:0:0:0:0:0:1 - - [28/Dec/2021:16:07:10 +0900] "GET /DONE/member/list HTTP/1.1" 200 802
0:0:0:0:0:0:0:1 - - [28/Dec/2021:16:07:10 +0900] "GET /DONE/member/add HTTP/1.1" 200 429
0:0:0:0:0:0:0:1 - - [28/Dec/2021:16:07:13 +0900] "POST /DONE/member/add HTTP/1.1" 302 -
0:0:0:0:0:0:0:1 - - [28/Dec/2021:16:07:13 +0900] "GET /DONE/member/list HTTP/1.1" 200 906
0:0:0:0:0:0:0:1 - - [28/Dec/2021:16:07:16 +0900] "GET /DONE/member/delete?no=22 HTTP/1.1" 302 -
0:0:0:0:0:0:0:1 - - [28/Dec/2021:16:07:16 +0900] "GET /DONE/member/MemberList.jsp HTTP/1.1" 200 491
0:0:0:0:0:0:0:1 - - [28/Dec/2021:16:07:25 +0900] "GET /DONE/member/delete?no=21 HTTP/1.1" 200 351
0:0:0:0:0:0:0:1 - - [28/Dec/2021:16:07:28 +0900] "GET /DONE/member/list HTTP/1.1" 200 351
0:0:0:0:0:0:0:1 - - [28/Dec/2021:16:07:42 +0900] "GET /DONE/member/list HTTP/1.1" 200 351
127.0.0.1 - - [28/Dec/2021:16:08:30 +0900] "GET / HTTP/1.1" 404 807
0:0:0:0:0:0:0:1 - - [28/Dec/2021:16:08:33 +0900] "GET /DONE/member/list HTTP/1.1" 200 802
0:0:0:0:0:0:0:1 - - [28/Dec/2021:16:08:56 +0900] "GET /DONE/member/add HTTP/1.1" 200 429
0:0:0:0:0:0:0:1 - - [28/Dec/2021:16:09:00 +0900] "POST /DONE/member/add HTTP/1.1" 302 -
0:0:0:0:0:0:0:1 - - [28/Dec/2021:16:09:00 +0900] "GET /DONE/member/list HTTP/1.1" 200 911
0:0:0:0:0:0:0:1 - - [28/Dec/2021:16:09:05 +0900] "GET /DONE/member/update?no=2 HTTP/1.1" 200 464
0:0:0:0:0:0:0:1 - - [28/Dec/2021:16:09:09 +0900] "GET /DONE/member/delete?no=23 HTTP/1.1" 200 351
0:0:0:0:0:0:0:1 - - [28/Dec/2021:16:09:13 +0900] "GET /DONE/member/list HTTP/1.1" 200 351
0:0:0:0:0:0:0:1 - - [28/Dec/2021:16:09:14 +0900] "GET /DONE/member/add HTTP/1.1" 200 429
127.0.0.1 - - [28/Dec/2021:16:09:25 +0900] "GET / HTTP/1.1" 404 807
127.0.0.1 - - [28/Dec/2021:16:09:44 +0900] "GET / HTTP/1.1" 404 807
0:0:0:0:0:0:0:1 - - [28/Dec/2021:16:09:45 +0900] "GET /DONE/member/list HTTP/1.1" 200 911
0:0:0:0:0:0:0:1 - - [28/Dec/2021:16:09:48 +0900] "GET /DONE/member/delete?no=23 HTTP/1.1" 302 -
0:0:0:0:0:0:0:1 - - [28/Dec/2021:16:09:48 +0900] "GET /MemberList.jsp HTTP/1.1" 404 806
127.0.0.1 - - [28/Dec/2021:16:10:00 +0900] "GET / HTTP/1.1" 404 807
127.0.0.1 - - [28/Dec/2021:16:11:06 +0900] "GET / HTTP/1.1" 404 807
0:0:0:0:0:0:0:1 - - [28/Dec/2021:16:11:07 +0900] "GET /DONE/member/list HTTP/1.1" 200 802
0:0:0:0:0:0:0:1 - - [28/Dec/2021:16:11:08 +0900] "GET /DONE/member/delete?no=21 HTTP/1.1" 302 -
0:0:0:0:0:0:0:1 - - [28/Dec/2021:16:11:08 +0900] "GET /member/list HTTP/1.1" 404 822
0:0:0:0:0:0:0:1 - - [28/Dec/2021:16:11:15 +0900] "GET /DONE/member/list HTTP/1.1" 200 351
127.0.0.1 - - [28/Dec/2021:16:11:23 +0900] "GET / HTTP/1.1" 404 807
0:0:0:0:0:0:0:1 - - [28/Dec/2021:16:11:25 +0900] "GET /DONE/member/list HTTP/1.1" 200 700
0:0:0:0:0:0:0:1 - - [28/Dec/2021:16:11:27 +0900] "GET /DONE/member/delete?no=20 HTTP/1.1" 302 -
0:0:0:0:0:0:0:1 - - [28/Dec/2021:16:11:27 +0900] "GET /DONE/member/member/list HTTP/1.1" 404 842
127.0.0.1 - - [28/Dec/2021:16:11:41 +0900] "GET / HTTP/1.1" 404 807
0:0:0:0:0:0:0:1 - - [28/Dec/2021:16:11:48 +0900] "GET /DONE/member/list HTTP/1.1" 200 603
0:0:0:0:0:0:0:1 - - [28/Dec/2021:16:11:49 +0900] "GET /DONE/member/add HTTP/1.1" 200 429
0:0:0:0:0:0:0:1 - - [28/Dec/2021:16:11:53 +0900] "POST /DONE/member/add HTTP/1.1" 302 -
0:0:0:0:0:0:0:1 - - [28/Dec/2021:16:11:53 +0900] "GET /DONE/member/list HTTP/1.1" 200 717
0:0:0:0:0:0:0:1 - - [28/Dec/2021:16:11:55 +0900] "GET /DONE/member/add HTTP/1.1" 200 429
0:0:0:0:0:0:0:1 - - [28/Dec/2021:16:12:01 +0900] "POST /DONE/member/add HTTP/1.1" 302 -
0:0:0:0:0:0:0:1 - - [28/Dec/2021:16:12:01 +0900] "GET /DONE/member/list HTTP/1.1" 200 822
0:0:0:0:0:0:0:1 - - [28/Dec/2021:16:12:05 +0900] "GET /DONE/member/delete?no=24 HTTP/1.1" 302 -
0:0:0:0:0:0:0:1 - - [28/Dec/2021:16:12:05 +0900] "GET /DONE/member/list HTTP/1.1" 200 351
127.0.0.1 - - [28/Dec/2021:16:12:46 +0900] "GET / HTTP/1.1" 404 807
0:0:0:0:0:0:0:1 - - [28/Dec/2021:16:12:48 +0900] "GET /DONE/member/list HTTP/1.1" 200 708
0:0:0:0:0:0:0:1 - - [28/Dec/2021:16:12:49 +0900] "GET /DONE/member/delete?no=25 HTTP/1.1" 302 -
0:0:0:0:0:0:0:1 - - [28/Dec/2021:16:12:49 +0900] "GET /DONE/member/list HTTP/1.1" 200 351
0:0:0:0:0:0:0:1 - - [28/Dec/2021:16:12:53 +0900] "GET /DONE/member/add HTTP/1.1" 200 429
127.0.0.1 - - [28/Dec/2021:16:13:02 +0900] "GET / HTTP/1.1" 404 807
0:0:0:0:0:0:0:1 - - [28/Dec/2021:16:13:07 +0900] "GET /DONE/member/list HTTP/1.1" 200 603
0:0:0:0:0:0:0:1 - - [28/Dec/2021:16:14:01 +0900] "GET /DONE/member/add HTTP/1.1" 200 429
0:0:0:0:0:0:0:1 - - [28/Dec/2021:16:14:05 +0900] "GET /DONE/member/update?no=1 HTTP/1.1" 500 177
0:0:0:0:0:0:0:1 - - [28/Dec/2021:16:14:11 +0900] "GET /DONE/member/list HTTP/1.1" 200 351
127.0.0.1 - - [28/Dec/2021:16:14:19 +0900] "GET / HTTP/1.1" 404 807
0:0:0:0:0:0:0:1 - - [28/Dec/2021:16:14:21 +0900] "GET /DONE/member/list HTTP/1.1" 200 603
0:0:0:0:0:0:0:1 - - [28/Dec/2021:16:14:28 +0900] "GET /DONE/member/update?no=2 HTTP/1.1" 200 464
0:0:0:0:0:0:0:1 - - [28/Dec/2021:16:14:29 +0900] "GET /DONE/member/add HTTP/1.1" 200 429
0:0:0:0:0:0:0:1 - - [28/Dec/2021:16:14:33 +0900] "POST /DONE/member/add HTTP/1.1" 500 4120
127.0.0.1 - - [28/Dec/2021:16:18:59 +0900] "GET / HTTP/1.1" 404 807
0:0:0:0:0:0:0:1 - - [28/Dec/2021:16:19:04 +0900] "GET /DONE/member/list HTTP/1.1" 200 603
0:0:0:0:0:0:0:1 - - [28/Dec/2021:16:19:06 +0900] "GET /DONE/member/add HTTP/1.1" 200 429
0:0:0:0:0:0:0:1 - - [28/Dec/2021:16:19:10 +0900] "POST /DONE/member/add HTTP/1.1" 302 -
0:0:0:0:0:0:0:1 - - [28/Dec/2021:16:19:10 +0900] "GET /DONE/member/list HTTP/1.1" 200 714
127.0.0.1 - - [28/Dec/2021:16:19:33 +0900] "GET / HTTP/1.1" 404 807
0:0:0:0:0:0:0:1 - - [28/Dec/2021:16:19:36 +0900] "GET /DONE/member/list HTTP/1.1" 200 714
0:0:0:0:0:0:0:1 - - [28/Dec/2021:16:19:37 +0900] "GET /DONE/member/add HTTP/1.1" 200 429
0:0:0:0:0:0:0:1 - - [28/Dec/2021:16:19:41 +0900] "POST /DONE/member/add HTTP/1.1" 200 351
127.0.0.1 - - [28/Dec/2021:16:20:08 +0900] "GET / HTTP/1.1" 404 807
0:0:0:0:0:0:0:1 - - [28/Dec/2021:16:20:12 +0900] "GET /DONE/member/list HTTP/1.1" 200 714
0:0:0:0:0:0:0:1 - - [28/Dec/2021:16:20:14 +0900] "GET /DONE/member/add HTTP/1.1" 200 429
0:0:0:0:0:0:0:1 - - [28/Dec/2021:16:20:18 +0900] "POST /DONE/member/add HTTP/1.1" 302 -
0:0:0:0:0:0:0:1 - - [28/Dec/2021:16:20:18 +0900] "GET /DONE/member/list HTTP/1.1" 200 822
127.0.0.1 - - [28/Dec/2021:16:21:02 +0900] "GET / HTTP/1.1" 404 807
0:0:0:0:0:0:0:1 - - [28/Dec/2021:16:21:03 +0900] "GET /DONE/member/list HTTP/1.1" 200 822
0:0:0:0:0:0:0:1 - - [28/Dec/2021:16:21:04 +0900] "GET /DONE/member/add HTTP/1.1" 200 429
0:0:0:0:0:0:0:1 - - [28/Dec/2021:16:21:08 +0900] "POST /DONE/member/add HTTP/1.1" 200 -
0:0:0:0:0:0:0:1 - - [28/Dec/2021:16:21:17 +0900] "GET /DONE/member/add HTTP/1.1" 200 429
127.0.0.1 - - [28/Dec/2021:16:24:05 +0900] "GET / HTTP/1.1" 404 807
0:0:0:0:0:0:0:1 - - [28/Dec/2021:16:24:08 +0900] "GET /DONE/member/add HTTP/1.1" 200 429
0:0:0:0:0:0:0:1 - - [28/Dec/2021:16:24:11 +0900] "POST /DONE/member/add HTTP/1.1" 200 467
0:0:0:0:0:0:0:1 - - [28/Dec/2021:16:24:18 +0900] "GET /DONE/member/add HTTP/1.1" 200 429
0:0:0:0:0:0:0:1 - - [28/Dec/2021:16:24:21 +0900] "GET /DONE/member/list HTTP/1.1" 200 925
127.0.0.1 - - [28/Dec/2021:16:25:09 +0900] "GET / HTTP/1.1" 404 807
0:0:0:0:0:0:0:1 - - [28/Dec/2021:16:25:10 +0900] "GET /DONE/member/add HTTP/1.1" 200 429
0:0:0:0:0:0:0:1 - - [28/Dec/2021:16:25:14 +0900] "POST /DONE/member/add HTTP/1.1" 200 -
127.0.0.1 - - [28/Dec/2021:16:25:57 +0900] "GET / HTTP/1.1" 404 807
0:0:0:0:0:0:0:1 - - [28/Dec/2021:16:25:59 +0900] "GET /DONE/member/list HTTP/1.1" 200 1028
0:0:0:0:0:0:0:1 - - [28/Dec/2021:16:26:00 +0900] "GET /DONE/member/add HTTP/1.1" 200 429
0:0:0:0:0:0:0:1 - - [28/Dec/2021:16:26:04 +0900] "POST /DONE/member/add HTTP/1.1" 200 -
127.0.0.1 - - [28/Dec/2021:16:26:46 +0900] "GET / HTTP/1.1" 404 807
0:0:0:0:0:0:0:1 - - [28/Dec/2021:16:26:48 +0900] "GET /DONE/member/list HTTP/1.1" 200 1028
0:0:0:0:0:0:0:1 - - [28/Dec/2021:16:26:49 +0900] "GET /DONE/member/add HTTP/1.1" 200 429
0:0:0:0:0:0:0:1 - - [28/Dec/2021:16:26:54 +0900] "POST /DONE/member/add HTTP/1.1" 200 -
127.0.0.1 - - [28/Dec/2021:16:27:44 +0900] "GET / HTTP/1.1" 404 807
127.0.0.1 - - [28/Dec/2021:16:27:44 +0900] "GET /DONE/member/list HTTP/1.1" 200 1151
127.0.0.1 - - [28/Dec/2021:16:27:48 +0900] "GET /DONE/member/add HTTP/1.1" 200 429
127.0.0.1 - - [28/Dec/2021:16:27:52 +0900] "POST /DONE/member/add HTTP/1.1" 200 -
127.0.0.1 - - [28/Dec/2021:16:28:25 +0900] "GET / HTTP/1.1" 404 807
0:0:0:0:0:0:0:1 - - [28/Dec/2021:16:28:29 +0900] "GET /DONE/member/list HTTP/1.1" 200 1151
0:0:0:0:0:0:0:1 - - [28/Dec/2021:16:28:30 +0900] "GET /DONE/member/add HTTP/1.1" 200 429
0:0:0:0:0:0:0:1 - - [28/Dec/2021:16:28:36 +0900] "POST /DONE/member/add HTTP/1.1" 200 213
0:0:0:0:0:0:0:1 - - [28/Dec/2021:16:28:37 +0900] "GET /DONE/member/list HTTP/1.1" 200 1275
127.0.0.1 - - [28/Dec/2021:16:31:34 +0900] "GET / HTTP/1.1" 404 807
0:0:0:0:0:0:0:1 - - [28/Dec/2021:16:31:36 +0900] "GET /DONE/member/add HTTP/1.1" 200 429
0:0:0:0:0:0:0:1 - - [28/Dec/2021:16:31:40 +0900] "POST /DONE/member/add HTTP/1.1" 200 213
0:0:0:0:0:0:0:1 - - [28/Dec/2021:16:31:41 +0900] "GET /DONE/member/list HTTP/1.1" 200 1380
127.0.0.1 - - [28/Dec/2021:16:32:25 +0900] "GET / HTTP/1.1" 404 807
0:0:0:0:0:0:0:1 - - [28/Dec/2021:16:32:27 +0900] "GET /DONE/member/delete?no=35 HTTP/1.1" 302 -
0:0:0:0:0:0:0:1 - - [28/Dec/2021:16:32:27 +0900] "GET /DONE/member/list HTTP/1.1" 200 351
0:0:0:0:0:0:0:1 - - [28/Dec/2021:16:32:41 +0900] "GET /DONE/member/list HTTP/1.1" 200 351
127.0.0.1 - - [28/Dec/2021:16:32:52 +0900] "GET / HTTP/1.1" 404 807
0:0:0:0:0:0:0:1 - - [28/Dec/2021:16:32:53 +0900] "GET /DONE/member/list HTTP/1.1" 200 1256
0:0:0:0:0:0:0:1 - - [28/Dec/2021:16:34:07 +0900] "GET /DONE/member/delete?no=2 HTTP/1.1" 302 -
0:0:0:0:0:0:0:1 - - [28/Dec/2021:16:34:07 +0900] "GET /DONE/member/list HTTP/1.1" 200 351
0:0:0:0:0:0:0:1 - - [28/Dec/2021:16:34:09 +0900] "GET /DONE/member/add HTTP/1.1" 200 429
127.0.0.1 - - [28/Dec/2021:16:34:19 +0900] "GET / HTTP/1.1" 404 807
0:0:0:0:0:0:0:1 - - [28/Dec/2021:16:34:30 +0900] "GET /DONE/member/list HTTP/1.1" 200 1144
0:0:0:0:0:0:0:1 - - [28/Dec/2021:16:34:31 +0900] "GET /DONE/member/update?no=26 HTTP/1.1" 200 461
0:0:0:0:0:0:0:1 - - [28/Dec/2021:16:34:34 +0900] "GET /DONE/member/update?no=28 HTTP/1.1" 500 4126
0:0:0:0:0:0:0:1 - - [28/Dec/2021:16:34:39 +0900] "GET /DONE/member/update?no=30 HTTP/1.1" 500 4126
127.0.0.1 - - [28/Dec/2021:16:34:49 +0900] "GET / HTTP/1.1" 404 807
0:0:0:0:0:0:0:1 - - [28/Dec/2021:16:34:53 +0900] "GET /DONE/member/list HTTP/1.1" 200 1144
0:0:0:0:0:0:0:1 - - [28/Dec/2021:16:34:55 +0900] "GET /DONE/member/update?no=26 HTTP/1.1" 200 461
0:0:0:0:0:0:0:1 - - [28/Dec/2021:16:34:58 +0900] "POST /DONE/member/update HTTP/1.1" 302 -
0:0:0:0:0:0:0:1 - - [28/Dec/2021:16:34:58 +0900] "GET /DONE/member/list HTTP/1.1" 200 351
0:0:0:0:0:0:0:1 - - [28/Dec/2021:16:37:38 +0900] "POST /DONE/member/add HTTP/1.1" 200 351
0:0:0:0:0:0:0:1 - - [28/Dec/2021:16:37:43 +0900] "GET /DONE/member/list HTTP/1.1" 200 1138
0:0:0:0:0:0:0:1 - - [28/Dec/2021:16:37:45 +0900] "GET /DONE/member/add HTTP/1.1" 200 429
0:0:0:0:0:0:0:1 - - [28/Dec/2021:16:37:50 +0900] "POST /DONE/member/add HTTP/1.1" 200 213
0:0:0:0:0:0:0:1 - - [28/Dec/2021:16:37:51 +0900] "GET /DONE/member/list HTTP/1.1" 200 1240
0:0:0:0:0:0:0:1 - - [28/Dec/2021:16:37:55 +0900] "GET /DONE/member/delete?no=26 HTTP/1.1" 200 467
127.0.0.1 - - [28/Dec/2021:16:38:27 +0900] "GET / HTTP/1.1" 404 807
0:0:0:0:0:0:0:1 - - [28/Dec/2021:16:38:31 +0900] "GET /DONE/member/list HTTP/1.1" 200 1130
0:0:0:0:0:0:0:1 - - [28/Dec/2021:16:38:33 +0900] "GET /DONE/member/delete?no=36 HTTP/1.1" 200 1026
0:0:0:0:0:0:0:1 - - [28/Dec/2021:16:38:36 +0900] "GET /DONE/member/delete?no=30 HTTP/1.1" 200 -
0:0:0:0:0:0:0:1 - - [28/Dec/2021:16:38:43 +0900] "GET /DONE/member/delete?no=30 HTTP/1.1" 200 924
0:0:0:0:0:0:0:1 - - [28/Dec/2021:16:38:44 +0900] "GET /DONE/member/delete?no=31 HTTP/1.1" 200 -
0:0:0:0:0:0:0:1 - - [28/Dec/2021:16:39:02 +0900] "GET /DONE/member/delete?no=31 HTTP/1.1" 200 -
0:0:0:0:0:0:0:1 - - [28/Dec/2021:16:39:03 +0900] "GET /DONE/member/delete?no=31 HTTP/1.1" 200 -
0:0:0:0:0:0:0:1 - - [28/Dec/2021:16:39:06 +0900] "GET /DONE/member/delete?no=31 HTTP/1.1" 200 -
127.0.0.1 - - [28/Dec/2021:16:39:29 +0900] "GET / HTTP/1.1" 404 807
0:0:0:0:0:0:0:1 - - [28/Dec/2021:16:39:34 +0900] "GET /DONE/member/list HTTP/1.1" 200 924
0:0:0:0:0:0:0:1 - - [28/Dec/2021:16:39:36 +0900] "GET /DONE/member/add HTTP/1.1" 200 429
0:0:0:0:0:0:0:1 - - [28/Dec/2021:16:39:39 +0900] "POST /DONE/member/add HTTP/1.1" 200 213
0:0:0:0:0:0:0:1 - - [28/Dec/2021:16:39:40 +0900] "GET /DONE/member/list HTTP/1.1" 200 1032
0:0:0:0:0:0:0:1 - - [28/Dec/2021:16:39:43 +0900] "GET /DONE/member/delete?no=38 HTTP/1.1" 200 906
127.0.0.1 - - [28/Dec/2021:16:40:13 +0900] "GET / HTTP/1.1" 404 807
0:0:0:0:0:0:0:1 - - [28/Dec/2021:16:40:20 +0900] "GET /DONE/member/list HTTP/1.1" 200 930
0:0:0:0:0:0:0:1 - - [28/Dec/2021:16:40:24 +0900] "GET /DONE/member/delete?no=28 HTTP/1.1" 200 823
127.0.0.1 - - [28/Dec/2021:16:40:57 +0900] "GET / HTTP/1.1" 404 807
0:0:0:0:0:0:0:1 - - [28/Dec/2021:16:41:04 +0900] "GET /DONE/member/list HTTP/1.1" 200 823
0:0:0:0:0:0:0:1 - - [28/Dec/2021:16:41:06 +0900] "GET /DONE/member/delete?no=31 HTTP/1.1" 404 820
127.0.0.1 - - [28/Dec/2021:16:41:27 +0900] "GET / HTTP/1.1" 404 807
0:0:0:0:0:0:0:1 - - [28/Dec/2021:16:41:30 +0900] "GET /DONE/member/list HTTP/1.1" 200 721
0:0:0:0:0:0:0:1 - - [28/Dec/2021:16:41:31 +0900] "GET /DONE/member/add HTTP/1.1" 200 429
0:0:0:0:0:0:0:1 - - [28/Dec/2021:16:41:35 +0900] "POST /DONE/member/add HTTP/1.1" 200 213
0:0:0:0:0:0:0:1 - - [28/Dec/2021:16:41:36 +0900] "GET /DONE/member/list HTTP/1.1" 200 831
0:0:0:0:0:0:0:1 - - [28/Dec/2021:16:41:39 +0900] "GET /DONE/member/delete?no=33 HTTP/1.1" 200 709
127.0.0.1 - - [28/Dec/2021:16:43:12 +0900] "GET / HTTP/1.1" 404 807
0:0:0:0:0:0:0:1 - - [28/Dec/2021:16:43:19 +0900] "GET /DONE/member/list HTTP/1.1" 200 709
0:0:0:0:0:0:0:1 - - [28/Dec/2021:16:43:21 +0900] "GET /DONE/member/add HTTP/1.1" 200 429
0:0:0:0:0:0:0:1 - - [28/Dec/2021:16:43:24 +0900] "POST /DONE/member/add HTTP/1.1" 200 213
0:0:0:0:0:0:0:1 - - [28/Dec/2021:16:43:25 +0900] "GET /DONE/member/list HTTP/1.1" 200 818
0:0:0:0:0:0:0:1 - - [28/Dec/2021:16:43:28 +0900] "GET /DONE/member/delete?no=40 HTTP/1.1" 200 708
0:0:0:0:0:0:0:1 - - [28/Dec/2021:16:43:32 +0900] "GET /DONE/member/list HTTP/1.1" 200 351
127.0.0.1 - - [28/Dec/2021:17:07:29 +0900] "GET / HTTP/1.1" 404 807
0:0:0:0:0:0:0:1 - - [28/Dec/2021:17:07:30 +0900] "GET /DONE/member/list HTTP/1.1" 200 708
0:0:0:0:0:0:0:1 - - [28/Dec/2021:17:07:32 +0900] "GET /DONE/member/add HTTP/1.1" 200 429
0:0:0:0:0:0:0:1 - - [28/Dec/2021:17:07:40 +0900] "POST /DONE/member/add HTTP/1.1" 200 351
0:0:0:0:0:0:0:1 - - [28/Dec/2021:17:07:51 +0900] "POST /DONE/member/add HTTP/1.1" 200 351
0:0:0:0:0:0:0:1 - - [28/Dec/2021:17:07:55 +0900] "GET /DONE/member/list HTTP/1.1" 200 708
127.0.0.1 - - [28/Dec/2021:17:08:40 +0900] "GET / HTTP/1.1" 404 807
0:0:0:0:0:0:0:1 - - [28/Dec/2021:17:08:48 +0900] "GET /DONE/member/list HTTP/1.1" 200 708
0:0:0:0:0:0:0:1 - - [28/Dec/2021:17:08:49 +0900] "GET /DONE/member/add HTTP/1.1" 200 429
0:0:0:0:0:0:0:1 - - [28/Dec/2021:17:09:00 +0900] "POST /DONE/member/add HTTP/1.1" 200 213
0:0:0:0:0:0:0:1 - - [28/Dec/2021:17:09:01 +0900] "GET /DONE/member/list HTTP/1.1" 200 811
0:0:0:0:0:0:0:1 - - [28/Dec/2021:17:09:04 +0900] "GET /DONE/member/update?no=39 HTTP/1.1" 200 507
0:0:0:0:0:0:0:1 - - [28/Dec/2021:17:09:14 +0900] "POST /DONE/member/update HTTP/1.1" 500 2592
127.0.0.1 - - [28/Dec/2021:17:11:26 +0900] "GET / HTTP/1.1" 404 807
0:0:0:0:0:0:0:1 - - [28/Dec/2021:17:11:31 +0900] "GET /DONE/member/list HTTP/1.1" 200 811
0:0:0:0:0:0:0:1 - - [28/Dec/2021:17:11:33 +0900] "GET /DONE/member/update?no=39 HTTP/1.1" 200 537
0:0:0:0:0:0:0:1 - - [28/Dec/2021:17:11:36 +0900] "POST /DONE/member/update HTTP/1.1" 500 2592
0:0:0:0:0:0:0:1 - - [28/Dec/2021:17:11:57 +0900] "GET /DONE/member/null HTTP/1.1" 404 831
127.0.0.1 - - [28/Dec/2021:17:12:53 +0900] "GET / HTTP/1.1" 404 807
0:0:0:0:0:0:0:1 - - [28/Dec/2021:17:12:58 +0900] "GET /DONE/member/list HTTP/1.1" 200 811
0:0:0:0:0:0:0:1 - - [28/Dec/2021:17:13:00 +0900] "GET /DONE/member/update?no=39 HTTP/1.1" 200 539
0:0:0:0:0:0:0:1 - - [28/Dec/2021:17:13:06 +0900] "POST /DONE/member/update HTTP/1.1" 500 2592
127.0.0.1 - - [28/Dec/2021:17:14:02 +0900] "GET / HTTP/1.1" 404 807
0:0:0:0:0:0:0:1 - - [28/Dec/2021:17:14:04 +0900] "GET /DONE/member/list HTTP/1.1" 200 811
0:0:0:0:0:0:0:1 - - [28/Dec/2021:17:14:06 +0900] "GET /DONE/member/add HTTP/1.1" 200 430
0:0:0:0:0:0:0:1 - - [28/Dec/2021:17:14:10 +0900] "POST /DONE/member/add HTTP/1.1" 200 213
0:0:0:0:0:0:0:1 - - [28/Dec/2021:17:14:11 +0900] "GET /DONE/member/list HTTP/1.1" 200 921
0:0:0:0:0:0:0:1 - - [28/Dec/2021:17:14:13 +0900] "GET /DONE/member/update?no=45 HTTP/1.1" 200 541
0:0:0:0:0:0:0:1 - - [28/Dec/2021:17:14:17 +0900] "POST /DONE/member/update HTTP/1.1" 302 -
0:0:0:0:0:0:0:1 - - [28/Dec/2021:17:14:17 +0900] "GET /DONE/member/list HTTP/1.1" 200 351
127.0.0.1 - - [28/Dec/2021:17:14:49 +0900] "GET / HTTP/1.1" 404 807
0:0:0:0:0:0:0:1 - - [28/Dec/2021:17:14:51 +0900] "GET /DONE/member/list HTTP/1.1" 200 915
0:0:0:0:0:0:0:1 - - [28/Dec/2021:17:14:54 +0900] "GET /DONE/member/update?no=39 HTTP/1.1" 200 508
0:0:0:0:0:0:0:1 - - [28/Dec/2021:17:14:58 +0900] "POST /DONE/member/update HTTP/1.1" 302 -
0:0:0:0:0:0:0:1 - - [28/Dec/2021:17:14:58 +0900] "GET /DONE/member/list HTTP/1.1" 200 351
127.0.0.1 - - [28/Dec/2021:17:15:33 +0900] "GET / HTTP/1.1" 404 807
0:0:0:0:0:0:0:1 - - [28/Dec/2021:17:15:34 +0900] "GET /DONE/member/list HTTP/1.1" 200 916
0:0:0:0:0:0:0:1 - - [28/Dec/2021:17:15:36 +0900] "GET /DONE/member/update?no=39 HTTP/1.1" 200 512
0:0:0:0:0:0:0:1 - - [28/Dec/2021:17:15:45 +0900] "POST /DONE/member/update HTTP/1.1" 302 -
0:0:0:0:0:0:0:1 - - [28/Dec/2021:17:15:45 +0900] "GET /DONE/member/list HTTP/1.1" 200 351
127.0.0.1 - - [28/Dec/2021:17:16:36 +0900] "GET / HTTP/1.1" 404 807
0:0:0:0:0:0:0:1 - - [28/Dec/2021:17:16:39 +0900] "GET /DONE/member/list HTTP/1.1" 200 918
0:0:0:0:0:0:0:1 - - [28/Dec/2021:17:16:41 +0900] "GET /DONE/member/update?no=45 HTTP/1.1" 200 507
0:0:0:0:0:0:0:1 - - [28/Dec/2021:17:16:45 +0900] "POST /DONE/member/update HTTP/1.1" 200 -
127.0.0.1 - - [28/Dec/2021:17:17:13 +0900] "GET / HTTP/1.1" 404 807
0:0:0:0:0:0:0:1 - - [28/Dec/2021:17:17:18 +0900] "GET /DONE/member/list HTTP/1.1" 200 929
0:0:0:0:0:0:0:1 - - [28/Dec/2021:17:17:20 +0900] "GET /DONE/member/update?no=44 HTTP/1.1" 200 506
0:0:0:0:0:0:0:1 - - [28/Dec/2021:17:17:24 +0900] "POST /DONE/member/update HTTP/1.1" 200 -
127.0.0.1 - - [28/Dec/2021:17:17:47 +0900] "GET / HTTP/1.1" 404 807
0:0:0:0:0:0:0:1 - - [28/Dec/2021:17:17:53 +0900] "GET /DONE/member/list HTTP/1.1" 200 932
0:0:0:0:0:0:0:1 - - [28/Dec/2021:17:17:54 +0900] "GET /DONE/member/update?no=41 HTTP/1.1" 200 512
0:0:0:0:0:0:0:1 - - [28/Dec/2021:17:17:56 +0900] "POST /DONE/member/update HTTP/1.1" 200 -
127.0.0.1 - - [28/Dec/2021:17:19:18 +0900] "GET / HTTP/1.1" 404 807
0:0:0:0:0:0:0:1 - - [28/Dec/2021:17:19:23 +0900] "GET /DONE/member/list HTTP/1.1" 200 935
0:0:0:0:0:0:0:1 - - [28/Dec/2021:17:19:24 +0900] "GET /DONE/member/update?no=44 HTTP/1.1" 200 509
0:0:0:0:0:0:0:1 - - [28/Dec/2021:17:19:26 +0900] "POST /DONE/member/update HTTP/1.1" 302 -
0:0:0:0:0:0:0:1 - - [28/Dec/2021:17:19:26 +0900] "GET /DONE/member/list HTTP/1.1" 200 351
127.0.0.1 - - [28/Dec/2021:17:21:37 +0900] "GET / HTTP/1.1" 404 807
0:0:0:0:0:0:0:1 - - [28/Dec/2021:17:21:40 +0900] "GET /DONE/member/list HTTP/1.1" 200 936
0:0:0:0:0:0:0:1 - - [28/Dec/2021:17:21:41 +0900] "GET /DONE/member/update?no=44 HTTP/1.1" 200 510
0:0:0:0:0:0:0:1 - - [28/Dec/2021:17:21:44 +0900] "POST /DONE/member/update HTTP/1.1" 302 -
0:0:0:0:0:0:0:1 - - [28/Dec/2021:17:21:44 +0900] "GET /DONE/member/list HTTP/1.1" 200 351
127.0.0.1 - - [28/Dec/2021:17:22:56 +0900] "GET / HTTP/1.1" 404 807
0:0:0:0:0:0:0:1 - - [28/Dec/2021:17:22:58 +0900] "GET /DONE/member/list HTTP/1.1" 200 937
0:0:0:0:0:0:0:1 - - [28/Dec/2021:17:23:00 +0900] "GET /DONE/member/update?no=41 HTTP/1.1" 200 515
0:0:0:0:0:0:0:1 - - [28/Dec/2021:17:23:02 +0900] "POST /DONE/member/update HTTP/1.1" 302 -
0:0:0:0:0:0:0:1 - - [28/Dec/2021:17:23:02 +0900] "GET /DONE/member/list HTTP/1.1" 200 351
127.0.0.1 - - [28/Dec/2021:17:23:35 +0900] "GET / HTTP/1.1" 404 807
0:0:0:0:0:0:0:1 - - [28/Dec/2021:17:23:38 +0900] "GET /DONE/member/list HTTP/1.1" 200 938
0:0:0:0:0:0:0:1 - - [28/Dec/2021:17:23:41 +0900] "GET /DONE/member/update?no=39 HTTP/1.1" 200 514
0:0:0:0:0:0:0:1 - - [28/Dec/2021:17:23:43 +0900] "POST /DONE/member/update HTTP/1.1" 302 -
0:0:0:0:0:0:0:1 - - [28/Dec/2021:17:23:43 +0900] "GET /DONE/member/list HTTP/1.1" 200 351
127.0.0.1 - - [28/Dec/2021:17:23:59 +0900] "GET / HTTP/1.1" 404 807
0:0:0:0:0:0:0:1 - - [28/Dec/2021:17:24:02 +0900] "GET /DONE/member/list HTTP/1.1" 200 939
0:0:0:0:0:0:0:1 - - [28/Dec/2021:17:24:03 +0900] "GET /DONE/member/update?no=39 HTTP/1.1" 200 515
0:0:0:0:0:0:0:1 - - [28/Dec/2021:17:24:05 +0900] "POST /DONE/member/update HTTP/1.1" 302 -
0:0:0:0:0:0:0:1 - - [28/Dec/2021:17:24:05 +0900] "GET /DONE/member/list HTTP/1.1" 200 351
127.0.0.1 - - [28/Dec/2021:17:24:56 +0900] "GET / HTTP/1.1" 404 807
0:0:0:0:0:0:0:1 - - [28/Dec/2021:17:24:57 +0900] "GET /DONE/member/list HTTP/1.1" 200 916
127.0.0.1 - - [28/Dec/2021:17:25:27 +0900] "GET / HTTP/1.1" 404 807
127.0.0.1 - - [28/Dec/2021:17:25:52 +0900] "GET / HTTP/1.1" 404 807
0:0:0:0:0:0:0:1 - - [28/Dec/2021:17:26:04 +0900] "GET /DONE/member/list HTTP/1.1" 200 916
0:0:0:0:0:0:0:1 - - [28/Dec/2021:17:26:05 +0900] "GET /DONE/member/list HTTP/1.1" 200 916
0:0:0:0:0:0:0:1 - - [28/Dec/2021:17:26:06 +0900] "GET /DONE/member/update?no=39 HTTP/1.1" 200 516
0:0:0:0:0:0:0:1 - - [28/Dec/2021:17:26:08 +0900] "GET /DONE/member/update?no=39 HTTP/1.1" 500 4126
127.0.0.1 - - [28/Dec/2021:17:26:38 +0900] "GET / HTTP/1.1" 404 807
0:0:0:0:0:0:0:1 - - [28/Dec/2021:17:26:41 +0900] "GET /DONE/member/list HTTP/1.1" 200 916
127.0.0.1 - - [28/Dec/2021:17:27:13 +0900] "GET / HTTP/1.1" 404 807
0:0:0:0:0:0:0:1 - - [28/Dec/2021:17:27:16 +0900] "GET /DONE/member/list HTTP/1.1" 200 849
0:0:0:0:0:0:0:1 - - [28/Dec/2021:17:27:26 +0900] "GET /DONE/member/add HTTP/1.1" 200 430
0:0:0:0:0:0:0:1 - - [28/Dec/2021:17:27:30 +0900] "POST /DONE/member/add HTTP/1.1" 200 213
0:0:0:0:0:0:0:1 - - [28/Dec/2021:17:27:31 +0900] "GET /DONE/member/list HTTP/1.1" 200 958
127.0.0.1 - - [28/Dec/2021:17:28:03 +0900] "GET / HTTP/1.1" 404 807
0:0:0:0:0:0:0:1 - - [28/Dec/2021:17:28:07 +0900] "GET /DONE/member/list HTTP/1.1" 200 982
0:0:0:0:0:0:0:1 - - [28/Dec/2021:17:28:23 +0900] "GET /DONE/member/update?no=39 HTTP/1.1" 200 516
0:0:0:0:0:0:0:1 - - [28/Dec/2021:17:28:24 +0900] "POST /DONE/member/update HTTP/1.1" 302 -
0:0:0:0:0:0:0:1 - - [28/Dec/2021:17:28:24 +0900] "GET /DONE/member/list HTTP/1.1" 200 351
127.0.0.1 - - [28/Dec/2021:17:29:07 +0900] "GET / HTTP/1.1" 404 807
0:0:0:0:0:0:0:1 - - [28/Dec/2021:17:29:08 +0900] "GET /DONE/member/list HTTP/1.1" 200 983
0:0:0:0:0:0:0:1 - - [28/Dec/2021:17:29:10 +0900] "GET /DONE/member/update?no=39 HTTP/1.1" 200 517
0:0:0:0:0:0:0:1 - - [28/Dec/2021:17:29:12 +0900] "POST /DONE/member/update HTTP/1.1" 302 -
0:0:0:0:0:0:0:1 - - [28/Dec/2021:17:29:12 +0900] "GET /DONE/member/list HTTP/1.1" 200 351
127.0.0.1 - - [28/Dec/2021:17:29:22 +0900] "GET / HTTP/1.1" 404 807
0:0:0:0:0:0:0:1 - - [28/Dec/2021:17:29:24 +0900] "GET /DONE/member/list HTTP/1.1" 200 984
0:0:0:0:0:0:0:1 - - [28/Dec/2021:17:29:24 +0900] "GET /DONE/member/update?no=39 HTTP/1.1" 200 518
0:0:0:0:0:0:0:1 - - [28/Dec/2021:17:29:27 +0900] "POST /DONE/member/update HTTP/1.1" 302 -
0:0:0:0:0:0:0:1 - - [28/Dec/2021:17:29:27 +0900] "GET /DONE/member/list HTTP/1.1" 200 351
127.0.0.1 - - [28/Dec/2021:17:29:42 +0900] "GET / HTTP/1.1" 404 807
0:0:0:0:0:0:0:1 - - [28/Dec/2021:17:29:43 +0900] "GET /DONE/member/list HTTP/1.1" 200 985
0:0:0:0:0:0:0:1 - - [28/Dec/2021:17:29:46 +0900] "GET /DONE/member/update?no=46 HTTP/1.1" 200 512
0:0:0:0:0:0:0:1 - - [28/Dec/2021:17:29:49 +0900] "POST /DONE/member/update HTTP/1.1" 302 -
0:0:0:0:0:0:0:1 - - [28/Dec/2021:17:29:49 +0900] "GET /DONE/member/list HTTP/1.1" 200 351
127.0.0.1 - - [28/Dec/2021:17:30:05 +0900] "GET / HTTP/1.1" 404 807
0:0:0:0:0:0:0:1 - - [28/Dec/2021:17:30:08 +0900] "GET /DONE/member/list HTTP/1.1" 200 986
0:0:0:0:0:0:0:1 - - [28/Dec/2021:17:30:09 +0900] "GET /DONE/member/update?no=44 HTTP/1.1" 200 511
0:0:0:0:0:0:0:1 - - [28/Dec/2021:17:30:13 +0900] "POST /DONE/member/update HTTP/1.1" 302 -
0:0:0:0:0:0:0:1 - - [28/Dec/2021:17:30:13 +0900] "GET /DONE/member/list HTTP/1.1" 200 351
127.0.0.1 - - [28/Dec/2021:17:31:33 +0900] "GET / HTTP/1.1" 404 807
0:0:0:0:0:0:0:1 - - [28/Dec/2021:17:31:36 +0900] "GET /DONE/member/list HTTP/1.1" 200 988
0:0:0:0:0:0:0:1 - - [28/Dec/2021:17:31:37 +0900] "GET /DONE/member/update?no=39 HTTP/1.1" 200 519
0:0:0:0:0:0:0:1 - - [28/Dec/2021:17:31:39 +0900] "POST /DONE/member/update HTTP/1.1" 302 -
0:0:0:0:0:0:0:1 - - [28/Dec/2021:17:31:39 +0900] "GET /DONE/member/list HTTP/1.1" 500 4114
127.0.0.1 - - [28/Dec/2021:17:33:21 +0900] "GET / HTTP/1.1" 404 807
0:0:0:0:0:0:0:1 - - [28/Dec/2021:17:33:24 +0900] "GET /DONE/member/list HTTP/1.1" 200 989
0:0:0:0:0:0:0:1 - - [28/Dec/2021:17:33:26 +0900] "GET /DONE/member/update?no=41 HTTP/1.1" 200 516
0:0:0:0:0:0:0:1 - - [28/Dec/2021:17:33:28 +0900] "POST /DONE/member/update HTTP/1.1" 302 -
0:0:0:0:0:0:0:1 - - [28/Dec/2021:17:33:28 +0900] "GET /DONE/member/list HTTP/1.1" 500 4114
127.0.0.1 - - [28/Dec/2021:17:35:58 +0900] "GET / HTTP/1.1" 404 807
0:0:0:0:0:0:0:1 - - [28/Dec/2021:17:35:58 +0900] "GET /DONE/member/list HTTP/1.1" 200 994
0:0:0:0:0:0:0:1 - - [28/Dec/2021:17:36:01 +0900] "GET /DONE/member/add HTTP/1.1" 200 430
0:0:0:0:0:0:0:1 - - [28/Dec/2021:17:36:05 +0900] "POST /DONE/member/add HTTP/1.1" 200 213
0:0:0:0:0:0:0:1 - - [28/Dec/2021:17:36:06 +0900] "GET /DONE/member/list HTTP/1.1" 200 1099
0:0:0:0:0:0:0:1 - - [28/Dec/2021:17:36:07 +0900] "GET /DONE/member/update?no=47 HTTP/1.1" 200 508
0:0:0:0:0:0:0:1 - - [28/Dec/2021:17:36:18 +0900] "GET /DONE/member/list HTTP/1.1" 200 1099
0:0:0:0:0:0:0:1 - - [28/Dec/2021:17:36:36 +0900] "GET /DONE/member/update?no=45 HTTP/1.1" 200 518
0:0:0:0:0:0:0:1 - - [28/Dec/2021:17:36:38 +0900] "POST /DONE/member/update HTTP/1.1" 302 -
0:0:0:0:0:0:0:1 - - [28/Dec/2021:17:36:38 +0900] "GET /DONE/member/list HTTP/1.1" 500 4114
127.0.0.1 - - [28/Dec/2021:17:43:13 +0900] "GET / HTTP/1.1" 404 807
0:0:0:0:0:0:0:1 - - [28/Dec/2021:17:43:14 +0900] "GET /DONE/member/list HTTP/1.1" 200 1104
0:0:0:0:0:0:0:1 - - [28/Dec/2021:17:43:16 +0900] "GET /DONE/member/update?no=47 HTTP/1.1" 200 508
0:0:0:0:0:0:0:1 - - [28/Dec/2021:17:43:18 +0900] "POST /DONE/member/update HTTP/1.1" 302 -
0:0:0:0:0:0:0:1 - - [28/Dec/2021:17:43:18 +0900] "GET /DONE/member/list HTTP/1.1" 500 4114
127.0.0.1 - - [28/Dec/2021:20:35:23 +0900] "GET / HTTP/1.1" 404 807
0:0:0:0:0:0:0:1 - - [28/Dec/2021:20:35:24 +0900] "GET /DONE/member/list HTTP/1.1" 404 831
0:0:0:0:0:0:0:1 - - [28/Dec/2021:20:35:25 +0900] "GET /favicon.ico HTTP/1.1" 404 818
0:0:0:0:0:0:0:1 - - [28/Dec/2021:20:35:29 +0900] "GET /DONE/member/list HTTP/1.1" 404 831
127.0.0.1 - - [28/Dec/2021:20:35:36 +0900] "GET / HTTP/1.1" 404 807
127.0.0.1 - - [28/Dec/2021:20:36:15 +0900] "GET / HTTP/1.1" 404 807
0:0:0:0:0:0:0:1 - - [28/Dec/2021:20:36:18 +0900] "GET /DONE/member/list HTTP/1.1" 200 1105
0:0:0:0:0:0:0:1 - - [28/Dec/2021:20:36:21 +0900] "GET /DONE/member/add HTTP/1.1" 200 430
0:0:0:0:0:0:0:1 - - [28/Dec/2021:20:36:25 +0900] "POST /DONE/member/add HTTP/1.1" 200 213
0:0:0:0:0:0:0:1 - - [28/Dec/2021:20:36:26 +0900] "GET /DONE/member/list HTTP/1.1" 200 1212
0:0:0:0:0:0:0:1 - - [28/Dec/2021:20:36:29 +0900] "GET /DONE/member/update?no=48 HTTP/1.1" 200 510
0:0:0:0:0:0:0:1 - - [28/Dec/2021:20:36:30 +0900] "POST /DONE/member/update HTTP/1.1" 302 -
0:0:0:0:0:0:0:1 - - [28/Dec/2021:20:36:30 +0900] "GET /DONE/member/list HTTP/1.1" 500 4114
127.0.0.1 - - [28/Dec/2021:20:38:39 +0900] "GET / HTTP/1.1" 404 807
0:0:0:0:0:0:0:1 - - [28/Dec/2021:20:38:43 +0900] "GET /DONE/member/list HTTP/1.1" 200 1213
0:0:0:0:0:0:0:1 - - [28/Dec/2021:20:38:45 +0900] "GET /DONE/member/add HTTP/1.1" 200 430
0:0:0:0:0:0:0:1 - - [28/Dec/2021:20:38:48 +0900] "POST /DONE/member/add HTTP/1.1" 200 351
0:0:0:0:0:0:0:1 - - [28/Dec/2021:20:38:56 +0900] "POST /DONE/member/add HTTP/1.1" 200 351
0:0:0:0:0:0:0:1 - - [28/Dec/2021:20:39:00 +0900] "GET /DONE/member/list HTTP/1.1" 200 1213
0:0:0:0:0:0:0:1 - - [28/Dec/2021:20:39:02 +0900] "GET /DONE/member/add HTTP/1.1" 200 430
0:0:0:0:0:0:0:1 - - [28/Dec/2021:20:39:07 +0900] "POST /DONE/member/add HTTP/1.1" 200 213
0:0:0:0:0:0:0:1 - - [28/Dec/2021:20:39:08 +0900] "GET /DONE/member/list HTTP/1.1" 200 1331
0:0:0:0:0:0:0:1 - - [28/Dec/2021:20:39:11 +0900] "GET /DONE/member/update?no=51 HTTP/1.1" 200 521
0:0:0:0:0:0:0:1 - - [28/Dec/2021:20:39:12 +0900] "POST /DONE/member/update HTTP/1.1" 302 -
0:0:0:0:0:0:0:1 - - [28/Dec/2021:20:39:12 +0900] "GET /DONE/member/list HTTP/1.1" 500 4114
127.0.0.1 - - [28/Dec/2021:20:39:53 +0900] "GET / HTTP/1.1" 404 807
0:0:0:0:0:0:0:1 - - [28/Dec/2021:20:39:56 +0900] "GET /DONE/member/list HTTP/1.1" 200 1332
0:0:0:0:0:0:0:1 - - [28/Dec/2021:20:39:57 +0900] "GET /DONE/member/update?no=44 HTTP/1.1" 200 513
0:0:0:0:0:0:0:1 - - [28/Dec/2021:20:39:59 +0900] "POST /DONE/member/update HTTP/1.1" 302 -
0:0:0:0:0:0:0:1 - - [28/Dec/2021:20:39:59 +0900] "GET /DONE/member/list HTTP/1.1" 500 4114
127.0.0.1 - - [28/Dec/2021:20:48:05 +0900] "GET / HTTP/1.1" 404 807
0:0:0:0:0:0:0:1 - - [28/Dec/2021:20:48:06 +0900] "GET /DONE/member/list HTTP/1.1" 200 1336
0:0:0:0:0:0:0:1 - - [28/Dec/2021:20:48:08 +0900] "GET /DONE/member/update?no=39 HTTP/1.1" 500 4126
127.0.0.1 - - [28/Dec/2021:20:48:32 +0900] "GET / HTTP/1.1" 404 807
0:0:0:0:0:0:0:1 - - [28/Dec/2021:20:48:39 +0900] "GET /DONE/member/list HTTP/1.1" 200 1336
0:0:0:0:0:0:0:1 - - [28/Dec/2021:20:48:41 +0900] "GET /DONE/member/update?no=39 HTTP/1.1" 500 4126
127.0.0.1 - - [28/Dec/2021:20:49:01 +0900] "GET / HTTP/1.1" 404 807
0:0:0:0:0:0:0:1 - - [28/Dec/2021:20:49:05 +0900] "GET /DONE/member/list HTTP/1.1" 200 1336
0:0:0:0:0:0:0:1 - - [28/Dec/2021:20:49:06 +0900] "GET /DONE/member/update?no=41 HTTP/1.1" 500 1713
127.0.0.1 - - [28/Dec/2021:20:49:37 +0900] "GET / HTTP/1.1" 404 807
0:0:0:0:0:0:0:1 - - [28/Dec/2021:20:49:41 +0900] "GET /DONE/member/list HTTP/1.1" 200 1336
0:0:0:0:0:0:0:1 - - [28/Dec/2021:20:49:42 +0900] "GET /DONE/member/update?no=41 HTTP/1.1" 500 4126
127.0.0.1 - - [28/Dec/2021:20:50:08 +0900] "GET / HTTP/1.1" 404 807
0:0:0:0:0:0:0:1 - - [28/Dec/2021:20:50:12 +0900] "GET /DONE/member/list HTTP/1.1" 200 1336
0:0:0:0:0:0:0:1 - - [28/Dec/2021:20:50:13 +0900] "GET /DONE/member/update?no=46 HTTP/1.1" 500 4126
127.0.0.1 - - [28/Dec/2021:20:52:05 +0900] "GET / HTTP/1.1" 404 807
0:0:0:0:0:0:0:1 - - [28/Dec/2021:20:52:07 +0900] "GET /DONE/member/list HTTP/1.1" 200 1336
0:0:0:0:0:0:0:1 - - [28/Dec/2021:20:52:09 +0900] "GET /DONE/member/update?no=39 HTTP/1.1" 500 4126
127.0.0.1 - - [28/Dec/2021:20:52:48 +0900] "GET / HTTP/1.1" 404 807
0:0:0:0:0:0:0:1 - - [28/Dec/2021:20:52:54 +0900] "GET /DONE/member/list HTTP/1.1" 200 1336
0:0:0:0:0:0:0:1 - - [28/Dec/2021:20:52:55 +0900] "GET /DONE/member/update?no=44 HTTP/1.1" 500 4126
0:0:0:0:0:0:0:1 - - [28/Dec/2021:20:52:58 +0900] "GET /DONE/member/update?no=39 HTTP/1.1" 500 4126
0:0:0:0:0:0:0:1 - - [28/Dec/2021:20:53:00 +0900] "GET /DONE/member/delete?no=39 HTTP/1.1" 200 -
0:0:0:0:0:0:0:1 - - [28/Dec/2021:20:53:02 +0900] "GET /DONE/member/add HTTP/1.1" 200 430
